
> charmvilla-gallery-site@0.1.0 build
> next build

▲ Next.js 16.3.0 (Turbopack)
- Environments: .env.local
✓ Running next.config.ts took 14ms

  Creating an optimized production build ...
✓ Compiled successfully in 674ms
  Running TypeScript ...
  Finished TypeScript in 1116ms ...
  Collecting page data using 8 workers ...
  Generating static pages using 8 workers (0/30) ...
  Generating static pages using 8 workers (7/30) 
  Generating static pages using 8 workers (14/30) 
  Generating static pages using 8 workers (22/30) 
✓ Generating static pages using 8 workers (30/30) in 427ms
  Finalizing page optimization ...

Route (app)
┌ ○ /
├ ○ /_not-found
├   /collections/[category]
│ ├ ● /collections/all
│ ├ ● /collections/bags
│ ├ ● /collections/jewelry
│ └ ● [+2 more paths]
├ ○ /icon.svg
├   /products/[slug]
│ ├ ● /products/braided-leather-bag-white
│ ├ ● /products/braided-leather-bag-blue
│ ├ ● /products/braided-leather-bag-pink
│ └ ● [+17 more paths]
└ ○ /sitemap.xml


○  (Static)  prerendered as static content
●  (SSG)     prerendered as static HTML (uses generateStaticParams)

