Vercel CLI 61.0.0 (Node.js 24.21.0)
Deploying charmvilla-gallery-site
Uploading [--------------------] (0.0B/523.7KB)
Uploading [=====---------------] (131.9KB/523.7KB)
Uploading [==========----------] (273.2KB/523.7KB)
Uploading [===============-----] (403.8KB/523.7KB)
Uploading [====================] (523.7KB/523.7KB)
  Inspect         https://vercel.com/tentenco/charmvilla-gallery-site/FbqTA6RT9R46PqL6NeF87H3c6CuP
  Production      https://charmvilla-gallery-site-b556w8aon-tentenco.vercel.app
Building…
Building…
Running build in Washington, D.C., USA (East) – iad1
Build machine configuration: 4 cores, 8 GB
Retrieving list of deployment files...
Downloading 194 deployment files...
Restored build cache from previous deployment (EbzYEF3AzQf7eL37BWZ4ds2heUE1)
Running "vercel build"
Vercel CLI 60.1.3
Installing dependencies...
up to date in 867ms
151 packages are looking for funding
run `npm fund` for details
npm warn install-scripts 1 package has install scripts not yet covered by allowScripts:
npm warn install-scripts   unrs-resolver@1.12.2 (postinstall: node postinstall.js)
npm warn install-scripts
npm warn install-scripts Run `npm install-scripts ls` to review, or `npm install-scripts approve <pkg>` to allow.
Detected Next.js version: 16.3.0
Running "npm run build"
> charmvilla-gallery-site@0.1.0 build
> next build
▲ Next.js 16.3.0 (Turbopack)
Applying modifyConfig from Vercel
✓ Running next.config.ts took 212ms
Creating an optimized production build ...
✓ Compiled successfully in 1579ms
Running TypeScript ...
Finished TypeScript in 3.8s ...
Collecting page data using 3 workers ...
Generating static pages using 3 workers (0/30) ...
Generating static pages using 3 workers (7/30)
Generating static pages using 3 workers (14/30)
Generating static pages using 3 workers (22/30)
✓ Generating static pages using 3 workers (30/30) in 799ms
Finalizing page optimization ...
Running onBuildComplete from Vercel
Route (app)
┌ ○ /
├ ○ /_not-found
├   /collections/[category]
│ ├ ● /collections/all
│ ├ ● /collections/bags
│ ├ ● /collections/jewelry
│ └ ● [+2 more paths]
├ ○ /icon.svg
├   /products/[slug]
│ ├ ● /products/braided-leather-bag-white
│ ├ ● /products/braided-leather-bag-blue
│ ├ ● /products/braided-leather-bag-pink
│ └ ● [+17 more paths]
└ ○ /sitemap.xml
○  (Static)  prerendered as static content
●  (SSG)     prerendered as static HTML (uses generateStaticParams)
Build Completed in /vercel/output [10s]
Deploying outputs...
[2K[1A[2K[G  Production      https://charmvilla-gallery-site-b556w8aon-tentenco.vercel.app
Completing…
▲ Aliased         https://charmvilla-gallery-site.vercel.app
{
  "status": "ok",
  "deployment": {
    "id": "dpl_FbqTA6RT9R46PqL6NeF87H3c6CuP",
    "url": "https://charmvilla-gallery-site-b556w8aon-tentenco.vercel.app",
    "productionUrl": "https://charmvilla-gallery-site.vercel.app",
    "inspectorUrl": "https://vercel.com/tentenco/charmvilla-gallery-site/FbqTA6RT9R46PqL6NeF87H3c6CuP",
    "readyState": "READY",
    "target": "production",
    "deploymentApiUrl": "https://api.vercel.com/v13/deployments/dpl_FbqTA6RT9R46PqL6NeF87H3c6CuP",
    "buildMachine": {
      "cores": 4,
      "memory": 8192,
      "machine": "standard",
      "selectionType": "fixed",
      "selectionSource": "plan-default"
    },
    "deploymentProtection": [
      "vercel_authentication"
    ]
  },
  "message": "Deployment charmvilla-gallery-site-b556w8aon-tentenco.vercel.app ready. Production URL: https://charmvilla-gallery-site.vercel.app",
  "next": [
    {
      "command": "vercel curl https://charmvilla-gallery-site.vercel.app",
      "when": "Verify deployment, including when Deployment Protection is enabled"
    },
    {
      "command": "vercel inspect charmvilla-gallery-site-b556w8aon-tentenco.vercel.app",
      "when": "Inspect deployment"
    },
    {
      "command": "vercel deploy --prod",
      "when": "Promote to production"
    }
  ]
}
